Execute	.target.bash_output "/usr/bin/lsof -i :tftp -Fc" $["exit":0, "stderr":"", "stdout":"p3316\ncxinetd\n"]
Execute	.target.bash "/bin/systemctl is-enabled xinetd.service" 0
Dir	.etc.xinetd_d.tftp.section: ["tftp"]
Read	.etc.xinetd_d.tftp.value.tftp.disable nil
Read	.etc.xinetd_d.tftp.value.tftp.server_args "-s -v /srv/boot"
Execute	.target.bash "/bin/systemctl is-enabled SuSEfirewall2.service" 0
Return	true
Write	.etc.xinetd_d.tftp.value.tftp."{" "" true
Write	.etc.xinetd_d.tftp.value_type.tftp."{" 1 true
Write	.etc.xinetd_d.tftp.value.tftp.disable "no" true
Write	.etc.xinetd_d.tftp.value.tftp.socket_type "dgram" true
Write	.etc.xinetd_d.tftp.value.tftp.protocol "udp" true
Write	.etc.xinetd_d.tftp.value.tftp.wait "yes" true
Write	.etc.xinetd_d.tftp.value.tftp.user "root" true
Write	.etc.xinetd_d.tftp.value.tftp.server "/usr/sbin/in.tftpd" true
Write	.etc.xinetd_d.tftp.value.tftp.server_args "-v -s /srv/boot" true
Write	.etc.xinetd_d.tftp nil true
Execute	.target.mkdir "/srv/boot" 0
Execute	.target.bash "/bin/systemctl is-enabled xinetd.service" 0
Execute	.target.bash "/usr/bin/killall in.tftpd" 0
Execute	.target.bash_output "/bin/systemctl restart xinetd.service" $["TERM":"raw"] $["exit":0, "stderr":"", "stdout":"p3316\ncxinetd\n"]
Return	true
